// Jest Snapshot v1, https://goo.gl/fbAQLP

exports[`テストケースのテスト 1`] = `null`;
